INFO:root:---distracrions---
INFO:root:---breaks---
